// Jest Snapshot v1, https://goo.gl/fbAQLP

exports[`Render tests Has Data, matches snapshot 1`] = `
<div
  className="pt-3 container"
  style={
    Object {
      "margin": "auto",
      "textAlign": "center",
      "width": "60%",
    }
  }
>
  <div
    style={
      Object {
        "textAlign": "left",
      }
    }
  >
    Set List
  </div>
  <table
    className="table table-sm table-striped table-bordered table-hover"
  >
    <thead>
      <tr>
        <th>
          Reps
        </th>
        <th>
          Weight
        </th>
      </tr>
    </thead>
    <tbody>
      <tr
        onClick={[Function]}
      >
        <td>
          20
        </td>
        <td>
          225
        </td>
      </tr>
      <tr
        onClick={[Function]}
      >
        <td>
          100
        </td>
        <td>
          315
        </td>
      </tr>
    </tbody>
  </table>
</div>
`;

exports[`Render tests No Data, matches snapshot 1`] = `null`;
