// Jest Snapshot v1, https://goo.gl/fbAQLP

exports[`Render tests Has Data, matches snapshot 1`] = `
<div
  className="container"
>
  <div
    className="list-group list-group-flush"
    onKeyDown={[Function]}
  >
    <button
      className="list-group-item list-group-item-action"
      data-rr-ui-event-key={null}
      onClick={[Function]}
    >
      <div
        className="card"
        onClick={[Function]}
      >
        <div
          className="card-body"
        >
          <div
            className="card-title h5"
          >
            #
            1
             - 
            Lunges
          </div>
          <div
            className="card-body"
          >
            <div
              className="container"
            >
              <div
                className="container"
              >
                <div
                  className="list-group"
                  onKeyDown={[Function]}
                >
                  <div
                    className="list-group-item"
                    data-rr-ui-event-key={null}
                    onClick={[Function]}
                  >
                    <div
                      className="row"
                    >
                      <div
                        className="col"
                      >
                        Reps
                      </div>
                      <div
                        className="col"
                      >
                        Weight
                      </div>
                    </div>
                  </div>
                  <div
                    className="list-group-item"
                    data-rr-ui-event-key={null}
                    onClick={[Function]}
                  >
                    <div
                      className="row"
                    >
                      <div
                        className="col"
                      >
                        40
                      </div>
                      <div
                        className="col"
                      >
                        100
                      </div>
                    </div>
                  </div>
                  <div
                    className="list-group-item"
                    data-rr-ui-event-key={null}
                    onClick={[Function]}
                  >
                    <div
                      className="row"
                    >
                      <div
                        className="col"
                      >
                        40
                      </div>
                      <div
                        className="col"
                      >
                        100
                      </div>
                    </div>
                  </div>
                  <div
                    className="list-group-item"
                    data-rr-ui-event-key={null}
                    onClick={[Function]}
                  >
                    <div
                      className="row"
                    >
                      <div
                        className="col"
                      >
                        40
                      </div>
                      <div
                        className="col"
                      >
                        100
                      </div>
                    </div>
                  </div>
                  <div
                    className="list-group-item"
                    data-rr-ui-event-key={null}
                    onClick={[Function]}
                  >
                    <div
                      className="row"
                    >
                      <div
                        className="col"
                      >
                        40
                      </div>
                      <div
                        className="col"
                      >
                        100
                      </div>
                    </div>
                  </div>
                </div>
              </div>
            </div>
          </div>
        </div>
      </div>
    </button>
    <button
      className="list-group-item list-group-item-action"
      data-rr-ui-event-key={null}
      onClick={[Function]}
    >
      <div
        className="card"
        onClick={[Function]}
      >
        <div
          className="card-body"
        >
          <div
            className="card-title h5"
          >
            #
            2
             - 
            Lunges
          </div>
          <div
            className="card-body"
          >
            <div
              className="container"
            >
              <div
                className="container"
              >
                <div
                  className="list-group"
                  onKeyDown={[Function]}
                >
                  <div
                    className="list-group-item"
                    data-rr-ui-event-key={null}
                    onClick={[Function]}
                  >
                    <div
                      className="row"
                    >
                      <div
                        className="col"
                      >
                        Reps
                      </div>
                      <div
                        className="col"
                      >
                        Weight
                      </div>
                    </div>
                  </div>
                  <div
                    className="list-group-item"
                    data-rr-ui-event-key={null}
                    onClick={[Function]}
                  >
                    <div
                      className="row"
                    >
                      <div
                        className="col"
                      >
                        40
                      </div>
                      <div
                        className="col"
                      >
                        100
                      </div>
                    </div>
                  </div>
                  <div
                    className="list-group-item"
                    data-rr-ui-event-key={null}
                    onClick={[Function]}
                  >
                    <div
                      className="row"
                    >
                      <div
                        className="col"
                      >
                        40
                      </div>
                      <div
                        className="col"
                      >
                        100
                      </div>
                    </div>
                  </div>
                  <div
                    className="list-group-item"
                    data-rr-ui-event-key={null}
                    onClick={[Function]}
                  >
                    <div
                      className="row"
                    >
                      <div
                        className="col"
                      >
                        40
                      </div>
                      <div
                        className="col"
                      >
                        100
                      </div>
                    </div>
                  </div>
                  <div
                    className="list-group-item"
                    data-rr-ui-event-key={null}
                    onClick={[Function]}
                  >
                    <div
                      className="row"
                    >
                      <div
                        className="col"
                      >
                        40
                      </div>
                      <div
                        className="col"
                      >
                        100
                      </div>
                    </div>
                  </div>
                </div>
              </div>
            </div>
          </div>
        </div>
      </div>
    </button>
    <button
      className="list-group-item list-group-item-action"
      data-rr-ui-event-key={null}
      onClick={[Function]}
    >
      <div
        className="card"
        onClick={[Function]}
      >
        <div
          className="card-body"
        >
          <div
            className="card-title h5"
          >
            #
            3
             - 
            Lunges
          </div>
          <div
            className="card-body"
          >
            <div
              className="container"
            >
              <div
                className="container"
              >
                <div
                  className="list-group"
                  onKeyDown={[Function]}
                >
                  <div
                    className="list-group-item"
                    data-rr-ui-event-key={null}
                    onClick={[Function]}
                  >
                    <div
                      className="row"
                    >
                      <div
                        className="col"
                      >
                        Reps
                      </div>
                      <div
                        className="col"
                      >
                        Weight
                      </div>
                    </div>
                  </div>
                  <div
                    className="list-group-item"
                    data-rr-ui-event-key={null}
                    onClick={[Function]}
                  >
                    <div
                      className="row"
                    >
                      <div
                        className="col"
                      >
                        40
                      </div>
                      <div
                        className="col"
                      >
                        100
                      </div>
                    </div>
                  </div>
                  <div
                    className="list-group-item"
                    data-rr-ui-event-key={null}
                    onClick={[Function]}
                  >
                    <div
                      className="row"
                    >
                      <div
                        className="col"
                      >
                        40
                      </div>
                      <div
                        className="col"
                      >
                        100
                      </div>
                    </div>
                  </div>
                  <div
                    className="list-group-item"
                    data-rr-ui-event-key={null}
                    onClick={[Function]}
                  >
                    <div
                      className="row"
                    >
                      <div
                        className="col"
                      >
                        40
                      </div>
                      <div
                        className="col"
                      >
                        100
                      </div>
                    </div>
                  </div>
                  <div
                    className="list-group-item"
                    data-rr-ui-event-key={null}
                    onClick={[Function]}
                  >
                    <div
                      className="row"
                    >
                      <div
                        className="col"
                      >
                        40
                      </div>
                      <div
                        className="col"
                      >
                        100
                      </div>
                    </div>
                  </div>
                </div>
              </div>
            </div>
          </div>
        </div>
      </div>
    </button>
  </div>
</div>
`;

exports[`Render tests No Data, matches snapshot 1`] = `
<div
  className="container"
>
  <div
    className="list-item list-item--message"
  >
    <span>
      No Exercises
    </span>
  </div>
</div>
`;
