// Jest Snapshot v1, https://goo.gl/fbAQLP

exports[`Render tests Has Data, matches snapshot 1`] = `
<div
  className="card"
  onClick={[Function]}
>
  <div
    className="card-body"
  >
    <div
      className="card-title h5"
    >
      #
       - 
      Lunges
    </div>
    <div
      className="card-body"
    >
      <div
        className="container"
      >
        <div
          className="container"
        >
          <div
            className="list-group"
            onKeyDown={[Function]}
          >
            <div
              className="list-group-item"
              data-rr-ui-event-key={null}
              onClick={[Function]}
            >
              <div
                className="row"
              >
                <div
                  className="col"
                >
                  Reps
                </div>
                <div
                  className="col"
                >
                  Weight
                </div>
              </div>
            </div>
            <div
              className="list-group-item"
              data-rr-ui-event-key={null}
              onClick={[Function]}
            >
              <div
                className="row"
              >
                <div
                  className="col"
                >
                  40
                </div>
                <div
                  className="col"
                >
                  100
                </div>
              </div>
            </div>
            <div
              className="list-group-item"
              data-rr-ui-event-key={null}
              onClick={[Function]}
            >
              <div
                className="row"
              >
                <div
                  className="col"
                >
                  40
                </div>
                <div
                  className="col"
                >
                  100
                </div>
              </div>
            </div>
            <div
              className="list-group-item"
              data-rr-ui-event-key={null}
              onClick={[Function]}
            >
              <div
                className="row"
              >
                <div
                  className="col"
                >
                  40
                </div>
                <div
                  className="col"
                >
                  100
                </div>
              </div>
            </div>
            <div
              className="list-group-item"
              data-rr-ui-event-key={null}
              onClick={[Function]}
            >
              <div
                className="row"
              >
                <div
                  className="col"
                >
                  40
                </div>
                <div
                  className="col"
                >
                  100
                </div>
              </div>
            </div>
          </div>
        </div>
      </div>
    </div>
  </div>
</div>
`;

exports[`Render tests No Data, matches snapshot 1`] = `
<div
  className="list-item list-item--message container"
>
  <span>
    No Name
  </span>
</div>
`;
